// Jest Snapshot v1, https://goo.gl/fbAQLP

exports[`Tooltip component renders correctly 1`] = `
<div>
  <span
    class="css-1baulvz"
    tabindex="0"
  >
    Hover me
  </span>
</div>
`;
