// Jest Snapshot v1, https://goo.gl/fbAQLP

exports[`MainLayout matches snapshot 1`] = `
<div
  class="css-rogafi"
>
  Hello world
</div>
`;
