// Jest Snapshot v1, https://goo.gl/fbAQLP

exports[`AlertDialog component renders correctly 1`] = `<DocumentFragment />`;
